2025-07-15 09:45:03.960 [main] INFO  com.pi.CoapClientApplication - Starting CoAP Client Application initialization
2025-07-15 09:45:03.967 [main] INFO  com.pi.CoapClientApplication - Connecting to database...
2025-07-15 09:45:03.969 [main] INFO  com.pi.DatabaseManager - Initializing database connection
2025-07-15 09:45:04.743 [main] INFO  com.pi.DatabaseManager - Database connection established successfully
2025-07-15 09:45:04.744 [main] INFO  com.pi.DatabaseManager - Version counters initialized: {sensors1=-1, power=-1, battery=-1}
2025-07-15 09:45:04.745 [main] INFO  com.pi.CoapClientApplication - Initializing CoAP components...
2025-07-15 09:45:04.746 [main] INFO  com.pi.CoapObserverManager - CoapObserverManager initialized
2025-07-15 09:45:04.749 [main] INFO  com.pi.UserInterface - UserInterface initialized
2025-07-15 09:45:04.749 [main] INFO  com.pi.CoapClientApplication - Starting observers...
2025-07-15 09:45:04.749 [main] INFO  com.pi.CoapObserverManager - Starting all observers
2025-07-15 09:45:04.851 [main] WARN  com.pi.CoapObserverManager - No sensor IP for floor 0
2025-07-15 09:45:04.852 [main] INFO  com.pi.CoapObserverManager - Starting sensors1 at coap://[fd00::f6ce:3651:2b3e:b419]:5683/SENSORS/reading
2025-07-15 09:45:04.891 [main] INFO  com.pi.CoapObserverManager - All observers started. Active count: 3
2025-07-15 09:45:04.899 [main] INFO  com.pi.CoapClientApplication - Starting automatic battery control...
2025-07-15 09:45:04.930 [main] INFO  c.p.B.BatteryControlService - Started automatic battery control with 30s interval
2025-07-15 09:45:04.931 [main] INFO  com.pi.CoapClientApplication - Initialization complete!
2025-07-15 09:45:04.933 [main] INFO  com.pi.CoapClientApplication - Starting main application loop
2025-07-15 09:45:05.061 [Thread-0] INFO  com.pi.DatabaseManager - Battery data stored (v0): SOC=0.0
2025-07-15 09:45:05.221 [Thread-0] INFO  com.pi.DatabaseManager - Sensor data stored (v0): Light=266.28, Temp=21.05 (Floor 1)
2025-07-15 09:45:05.267 [Thread-0] INFO  com.pi.DatabaseManager - Power data stored (v0): Active=1.99, Reactive=0.12
2025-07-15 09:45:12.683 [Thread-0] INFO  com.pi.DatabaseManager - Power data stored (v1): Active=1.79, Reactive=0.12
2025-07-15 09:45:17.916 [main] INFO  com.pi.UserInterface - User requested AC command for floor 1: on=1, setpoint=30
2025-07-15 09:45:17.917 [main] INFO  com.pi.CoapRequestManager - Sending AC command to floor 1: on=1, setpoint=30
2025-07-15 09:45:17.995 [main] INFO  com.pi.CoapRequestManager - AC (Floor 1) Command Response - Code: 2.04, Text: {"status":"UPDATED_SETPOINT"}, Success: true
2025-07-15 09:45:22.702 [Thread-0] INFO  com.pi.DatabaseManager - Power data stored (v2): Active=4.76, Reactive=0.28
2025-07-15 09:45:32.728 [Thread-0] INFO  com.pi.DatabaseManager - Power data stored (v3): Active=2.65, Reactive=0.18
2025-07-15 09:45:34.998 [pool-3-thread-1] INFO  c.p.B.BatteryControlAlgorithm - Battery setpoint: Price=9,92$/kWh, Current=2,74W, Predicted=2,40W, SOC=0,0%, Setpoint=10,00
2025-07-15 09:45:34.999 [pool-3-thread-1] INFO  com.pi.CoapRequestManager - Sending Battery command to floor 0: setpoint=10.00
2025-07-15 09:45:35.034 [pool-3-thread-1] INFO  com.pi.CoapRequestManager - Battery (Floor 0) Command Response - Code: 2.04, Text: {"success_code":"CORRECTLY_SET"}, Success: true
2025-07-15 09:45:37.665 [Thread-0] INFO  com.pi.DatabaseManager - Battery data stored (v1): SOC=1.0
2025-07-15 09:45:41.161 [Thread-0] INFO  com.pi.DatabaseManager - Sensor data stored (v1): Light=283.04, Temp=20.24 (Floor 1)
2025-07-15 09:45:42.738 [Thread-0] INFO  com.pi.DatabaseManager - Power data stored (v4): Active=2.29, Reactive=0.22
2025-07-15 09:45:51.153 [Thread-0] INFO  com.pi.DatabaseManager - Sensor data stored (v2): Light=254.36, Temp=20.08 (Floor 1)
2025-07-15 09:45:52.736 [Thread-0] INFO  com.pi.DatabaseManager - Power data stored (v5): Active=1.97, Reactive=0.22
2025-07-15 09:45:52.814 [Thread-0] INFO  com.pi.DatabaseManager - Battery data stored (v2): SOC=2.0
2025-07-15 09:46:02.721 [Thread-0] INFO  com.pi.DatabaseManager - Power data stored (v6): Active=1.86, Reactive=0.37
2025-07-15 09:46:04.938 [pool-3-thread-1] INFO  c.p.B.BatteryControlAlgorithm - Battery setpoint: Price=10,32$/kWh, Current=2,71W, Predicted=1,81W, SOC=2,0%, Setpoint=10,00
2025-07-15 09:46:04.938 [pool-3-thread-1] INFO  com.pi.CoapRequestManager - Sending Battery command to floor 0: setpoint=10.00
2025-07-15 09:46:04.955 [pool-3-thread-1] INFO  com.pi.CoapRequestManager - Battery (Floor 0) Command Response - Code: 2.04, Text: {"success_code":"CORRECTLY_SET"}, Success: true
2025-07-15 09:46:07.661 [Thread-0] INFO  com.pi.DatabaseManager - Battery data stored (v3): SOC=3.0
2025-07-15 09:46:11.132 [Thread-0] INFO  com.pi.DatabaseManager - Sensor data stored (v3): Light=276.76, Temp=19.79 (Floor 1)
2025-07-15 09:46:12.723 [Thread-0] INFO  com.pi.DatabaseManager - Power data stored (v7): Active=1.54, Reactive=0.19
2025-07-15 09:46:22.681 [Thread-0] INFO  com.pi.DatabaseManager - Power data stored (v8): Active=1.78, Reactive=0.15
2025-07-15 09:46:22.700 [Thread-0] INFO  com.pi.DatabaseManager - Battery data stored (v4): SOC=4.0
2025-07-15 09:46:26.837 [main] INFO  com.pi.UserInterface - User requested Window command for floor 1: setpoint=20
2025-07-15 09:46:26.837 [main] INFO  com.pi.CoapRequestManager - Sending Window command to floor 1: setpoint=20
2025-07-15 09:46:26.926 [main] INFO  com.pi.CoapRequestManager - Window (Floor 1) Command Response - Code: 2.04, Text: {"status":"UPDATED_SETPOINT"}, Success: true
2025-07-15 09:46:32.730 [Thread-0] INFO  com.pi.DatabaseManager - Power data stored (v9): Active=2.06, Reactive=0.26
2025-07-15 09:46:34.938 [pool-3-thread-1] INFO  c.p.B.BatteryControlAlgorithm - Battery setpoint: Price=8,65$/kWh, Current=1,84W, Predicted=1,94W, SOC=4,0%, Setpoint=10,00
2025-07-15 09:46:34.939 [pool-3-thread-1] INFO  com.pi.CoapRequestManager - Sending Battery command to floor 0: setpoint=10.00
2025-07-15 09:46:34.958 [pool-3-thread-1] INFO  com.pi.CoapRequestManager - Battery (Floor 0) Command Response - Code: 2.04, Text: {"success_code":"CORRECTLY_SET"}, Success: true
2025-07-15 09:46:37.687 [Thread-0] INFO  com.pi.DatabaseManager - Battery data stored (v5): SOC=5.0
